[brittanychiang.com/index.html]
[backblue.gif]
[fade.gif]
[index.html]
[brittanychiang.com/favicon/android-chrome-512x512.png]
[brittanychiang.com/favicon/android-chrome-192x192.png]
[brittanychiang.com/favicon/apple-touch-icon.png]
[brittanychiang.com/favicon/favicon-32x32.png]
[brittanychiang.com/favicon/favicon-16x16.png]
[brittanychiang.com/favicon/site.webmanifest]
[brittanychiang.com/_next/static/media/730e8169368baf37-s.p.woff2]
[brittanychiang.com/_next/static/media/f1f0c35b32161446-s.p.woff2]
[brittanychiang.com/_next/static/media/dc792b508e6f91c7-s.p.woff2]
[brittanychiang.com/_next/static/media/84d3493a9fd22f1c-s.p.woff2]
[brittanychiang.com/_next/static/media/fcb100c7607696fd-s.p.woff2]
[brittanychiang.com/_next/static/media/d90f295d0c348006-s.p.woff2]
[brittanychiang.com/_next/static/media/d593a8df799d4ab1-s.p.woff2]
[brittanychiang.com/_next/static/media/579e0f95cacfae57-s.p.woff2]
[brittanychiang.com/_next/static/media/828a494e04a45cbd-s.p.woff2]
[brittanychiang.com/_next/static/css/93d15fcb46b04baa.css]
[brittanychiang.com/_next/static/chunks/polyfills-c67a75d1b6f99dc8.js]
[brittanychiang.com/_next/static/chunks/webpack-5146130448d8adf7.js]
[brittanychiang.com/_next/static/chunks/framework-2c79e2a64abdb08b.js]
[brittanychiang.com/_next/static/chunks/main-342b3f0888afe918.js]
[brittanychiang.com/_next/static/chunks/pages/_app-6962023fe99d06fd.js]
[brittanychiang.com/_next/static/chunks/664-09cd891ecc3af1d0.js]
[brittanychiang.com/_next/static/chunks/506-95c309a4d817bb8b.js]
[brittanychiang.com/_next/static/chunks/pages/index-3b4166191a9bee97.js]
[brittanychiang.com/_next/static/T4epeDcYA7wdmjUGqNVah/_buildManifest.js]
[brittanychiang.com/_next/static/T4epeDcYA7wdmjUGqNVah/_ssgManifest.js]
[brittanychiang.com/resume.pdf]
[brittanychiang.com/_next/course-card0802.png]
[brittanychiang.com/_next/spotify-profileb19d.png]
[brittanychiang.com/_next/halcyond92d.png]
[brittanychiang.com/_next/v49210.png]
[brittanychiang.com/archive]
[brittanychiang.com/_next/a11y68cc.png]
[brittanychiang.com/_next/algolia-search0dbd.jpg]
[brittanychiang.com/_next/headlesscfd5.jpg]
[brittanychiang.com/_next/rotate0ec8.gif]
[brittanychiang.com/index.html]
[brittanychiang.com/images/koroks/Elma.png]
[brittanychiang.com/_next/static/css/93d15fcb46b04baa.css]
[brittanychiang.com/archive]
[brittanychiang.com/_next/static/chunks/pages/archive-a10dc9d5ab37ed2e.js]
